============================= test session starts =============================
platform win32 -- Python 3.11.0, pytest-9.0.2, pluggy-1.6.0 -- C:\Users\joylo\AppData\Local\Programs\Python\Python311\python.exe
cachedir: .pytest_cache
rootdir: D:\studio\tools\vibecoding\editor_1\wedding_ai_pipeline
configfile: pyproject.toml
plugins: mock-3.15.1
collecting ... collected 11 items

tests/test_background_removal.py::test_background_remover_returns_rgba PASSED [  9%]
tests/test_background_removal.py::test_background_remover_preserves_dimensions PASSED [ 18%]
tests/test_color.py::test_color_grading_lab_statistical PASSED           [ 27%]
tests/test_color.py::test_color_grading_cinematic_style PASSED           [ 36%]
tests/test_color.py::test_color_grading_pastel_style PASSED              [ 45%]
tests/test_color.py::test_color_grading_black_and_white PASSED           [ 54%]
tests/test_color.py::test_color_grading_strength_zero PASSED             [ 63%]
tests/test_color.py::test_all_presets_exist PASSED                       [ 72%]
tests/test_color.py::test_all_presets_run PASSED                         [ 81%]
tests/test_pipeline.py::test_pipeline_runs_and_returns_result PASSED     [ 90%]
tests/test_pipeline.py::test_pipeline_add_step PASSED                    [100%]

======================== 11 passed in 99.67s (0:01:39) ========================
